// Vitest Snapshot v1, https://vitest.dev/guide/snapshot.html

exports[`full 1`] = `
{
  "frontmatter": "title: Example Song
album: Example Album",
  "sections": [
    {
      "id": "section 0",
      "lines": [],
      "link": undefined,
      "title": "Intro",
    },
    {
      "id": "section 1",
      "lines": [
        {
          "content": "verse 1 line 1",
          "id": "section 1 line 0",
          "link": undefined,
        },
        {
          "content": "verse 1 line 2",
          "id": "section 1 line 1",
          "link": undefined,
        },
        {
          "content": "verse 1 line 3",
          "id": "section 1 line 2",
          "link": undefined,
        },
        {
          "content": "verse 1 line 4",
          "id": "section 1 line 3",
          "link": undefined,
        },
      ],
      "link": undefined,
      "title": "Verse",
    },
    {
      "id": "section 2",
      "lines": [
        {
          "content": "chorus line 1 linked",
          "id": "section 2 line 0",
          "link": undefined,
        },
        {
          "content": "chorus line 2 linked",
          "id": "section 2 line 1",
          "link": undefined,
        },
        {
          "content": "chorus line 3 linked",
          "id": "section 2 line 2",
          "link": undefined,
        },
        {
          "content": "chorus line 4 linked",
          "id": "section 2 line 3",
          "link": undefined,
        },
      ],
      "link": "chorus",
      "title": "Chorus",
    },
    {
      "id": "section 3",
      "lines": [
        {
          "content": "verse 2 line 1",
          "id": "section 3 line 0",
          "link": undefined,
        },
        {
          "content": "verse 2 line 2",
          "id": "section 3 line 1",
          "link": undefined,
        },
        {
          "content": "verse 2 line 3",
          "id": "section 3 line 2",
          "link": undefined,
        },
        {
          "content": "verse 2 line 4",
          "id": "section 3 line 3",
          "link": undefined,
        },
      ],
      "link": undefined,
      "title": "Verse",
    },
    {
      "id": "section 4",
      "lines": [
        {
          "content": "chorus line 1 linked",
          "id": "section 4 line 0",
          "link": undefined,
        },
        {
          "content": "chorus line 2 linked",
          "id": "section 4 line 1",
          "link": undefined,
        },
        {
          "content": "chorus line 3 linked",
          "id": "section 4 line 2",
          "link": undefined,
        },
        {
          "content": "chorus line 4 linked",
          "id": "section 4 line 3",
          "link": undefined,
        },
      ],
      "link": "chorus",
      "title": "Chorus",
    },
    {
      "id": "section 5",
      "lines": [
        {
          "content": "bridge line 1",
          "id": "section 5 line 0",
          "link": undefined,
        },
        {
          "content": "bridge line 2",
          "id": "section 5 line 1",
          "link": undefined,
        },
        {
          "content": "bridge line 3 linked",
          "id": "section 5 line 2",
          "link": 0,
        },
        {
          "content": "bridge line 4 linked",
          "id": "section 5 line 3",
          "link": 1,
        },
        {
          "content": "",
          "id": "section 5 line 4",
        },
        {
          "content": "bridge line a",
          "id": "section 5 line 5",
          "link": undefined,
        },
        {
          "content": "bridge line b",
          "id": "section 5 line 6",
          "link": undefined,
        },
        {
          "content": "bridge line 3 linked",
          "id": "section 5 line 7",
          "link": 0,
        },
        {
          "content": "bridge line 4 linked",
          "id": "section 5 line 8",
          "link": 1,
        },
      ],
      "link": undefined,
      "title": "Bridge",
    },
    {
      "id": "section 6",
      "lines": [],
      "link": undefined,
      "title": "Interlude",
    },
    {
      "id": "section 7",
      "lines": [
        {
          "content": "chorus line 1 linked",
          "id": "section 7 line 0",
          "link": undefined,
        },
        {
          "content": "chorus line 2 linked",
          "id": "section 7 line 1",
          "link": undefined,
        },
        {
          "content": "chorus line 3 linked",
          "id": "section 7 line 2",
          "link": undefined,
        },
        {
          "content": "chorus line 4 unlinked",
          "id": "section 7 line 3",
          "link": null,
        },
      ],
      "link": "chorus",
      "title": "Chorus",
    },
    {
      "id": "section 8",
      "lines": [
        {
          "content": "chorus line 1",
          "id": "section 8 line 0",
          "link": undefined,
        },
        {
          "content": "chorus line 2",
          "id": "section 8 line 1",
          "link": undefined,
        },
        {
          "content": "chorus line 3",
          "id": "section 8 line 2",
          "link": undefined,
        },
        {
          "content": "chorus line 4 linked",
          "id": "section 8 line 3",
          "link": "chorus",
        },
      ],
      "link": undefined,
      "title": "Chorus",
    },
    {
      "id": "section 9",
      "lines": [
        {
          "content": "refrain line 1",
          "id": "section 9 line 0",
          "link": undefined,
        },
        {
          "content": "refrain line 2",
          "id": "section 9 line 1",
          "link": undefined,
        },
        {
          "content": "refrain line 3",
          "id": "section 9 line 2",
          "link": undefined,
        },
        {
          "content": "bridge line 4 linked",
          "id": "section 9 line 3",
          "link": 1,
        },
      ],
      "link": undefined,
      "title": "Refrain",
    },
    {
      "id": "section 10",
      "lines": [
        {
          "content": "chorus line 1 linked",
          "id": "section 10 line 0",
          "link": undefined,
        },
        {
          "content": "chorus line 2 linked",
          "id": "section 10 line 1",
          "link": undefined,
        },
        {
          "content": "chorus line 3 linked",
          "id": "section 10 line 2",
          "link": undefined,
        },
        {
          "content": "bridge line 4 linked",
          "id": "section 10 line 3",
          "link": 1,
        },
      ],
      "link": "chorus",
      "title": "Chorus",
    },
    {
      "id": "section 11",
      "lines": [],
      "link": undefined,
      "title": "Outro",
    },
  ],
}
`;
